// Jest Snapshot v1, https://goo.gl/fbAQLP

exports[`input and button scenarios should render the login page correctly 1`] = `
<div
  className="backgroundLayer"
>
  <div
    className="headerSignUp"
  />
  <div
    className="gridContainerSignUp"
  >
    <div
      className="signUpBox"
    >
      <div
        className="logo"
      />
      <p
        className="headerText"
      >
        Sign up to see photos and videos from your friends.
      </p>
      <button
        className="signUpButton"
      >
        <div
          className="iconContainerSignUp"
        >
          <div
            className="fbIconSignUp"
          >
            <ion-icon
              name="logo-facebook"
            />
          </div>
        </div>
        Log in with Facebook
      </button>
      <div
        className="orComponent"
      >
        <div
          className="lineStrike"
        />
        <p
          className="orText"
        >
          OR
        </p>
        <div
          className="lineStrike"
        />
      </div>
      <div
        className="inputField"
      >
        <input
          maxLength="255"
          minLength="1"
          name="logInId"
          onChange={[Function]}
          placeholder="Mobile Number or Email"
          required={true}
          type="text"
          value=""
        />
        <span
          className="nameSpan"
        >
          Mobile Number or Email
        </span>
      </div>
      <div
        className="inputField"
      >
        <input
          maxLength="255"
          minLength="1"
          name="fullName"
          onChange={[Function]}
          placeholder="Full Name"
          required={true}
          type="text"
          value=""
        />
        <span
          className="nameSpan"
        >
          Full Name
        </span>
      </div>
      <div
        className="inputField"
      >
        <input
          maxLength="255"
          minLength="1"
          name="userName"
          onChange={[Function]}
          placeholder="Username"
          required={true}
          type="text"
          value=""
        />
        <span
          className="nameSpan"
        >
          Username
        </span>
      </div>
      <div
        className="inputField"
      >
        <input
          maxLength="1024"
          minLength="1"
          name="password"
          onChange={[Function]}
          placeholder="Password"
          required={true}
          type="password"
          value=""
        />
        <span
          className="passwordSpan"
        >
          Password
        </span>
        <button
          onClick={[Function]}
          testId="passwordButton"
        >
          Show
        </button>
      </div>
      <div
        className="buttonContainer"
      >
        <button
          className="button"
          disabled={true}
          onClick={[Function]}
          testId="signupButton"
        >
          Sign up
        </button>
      </div>
      <p
        className="smallText"
      >
        By signing up, you agree to our 
        <b>
          Terms , Data Policy 
        </b>
        and
        <b>
          Cookies Policy .
        </b>
      </p>
    </div>
    <div
      className="switchAuthMethodBoxSignUp"
    >
      <p
        className="generalText"
      >
        Have an account?
        <a
          className="login"
          href="/login"
          onClick={[Function]}
        >
          Log in
        </a>
      </p>
    </div>
    <div
      className="appStoreContainerSignUp"
    >
      <p
        className="generalText"
      >
        Get the app.
      </p>
      <div
        className="appStoreImages"
      >
        <button
          className="googlePlay"
        />
        <button
          className="appStore"
        />
      </div>
    </div>
  </div>
  <div
    className="footerContainer"
  >
    <div
      className="footer"
    >
      <div
        className="footerFirstRow"
      >
        <a
          className="footerText"
          href={true}
        >
          About
        </a>
        <a
          className="footerText"
          href={true}
        >
          Blog
        </a>
        <a
          className="footerText"
          href={true}
        >
          Jobs
        </a>
        <a
          className="footerText"
          href={true}
        >
          Help
        </a>
        <a
          className="footerText"
          href={true}
        >
          API
        </a>
        <a
          className="footerText"
          href={true}
        >
          Privacy
        </a>
        <a
          className="footerText"
          href={true}
        >
          Terms
        </a>
        <a
          className="footerText"
          href={true}
        >
          Top Accounts
        </a>
        <a
          className="footerText"
          href={true}
        >
          Hashtags
        </a>
        <a
          className="footerText"
          href={true}
        >
          Locations
        </a>
        <a
          className="footerText"
          href={true}
        >
          Instagram Lite
        </a>
      </div>
      <div
        className="footerSecondRow"
      >
        <select
          className="footerDropdown"
        >
          <option>
            English
          </option>
        </select>
        <p
          className="smallText"
        >
          &copy 2021 Instagram from Facebook
        </p>
      </div>
    </div>
  </div>
</div>
`;

exports[`input and button scenarios should render the singup page correctly 1`] = `
<div
  className="backgroundLayer"
>
  <div
    className="headerSignUp"
  />
  <div
    className="gridContainerSignUp"
  >
    <div
      className="signUpBox"
    >
      <div
        className="logo"
      />
      <p
        className="headerText"
      >
        Sign up to see photos and videos from your friends.
      </p>
      <button
        className="signUpButton"
      >
        <div
          className="iconContainerSignUp"
        >
          <div
            className="fbIconSignUp"
          >
            <ion-icon
              name="logo-facebook"
            />
          </div>
        </div>
        Log in with Facebook
      </button>
      <div
        className="orComponent"
      >
        <div
          className="lineStrike"
        />
        <p
          className="orText"
        >
          OR
        </p>
        <div
          className="lineStrike"
        />
      </div>
      <div
        className="inputField"
      >
        <input
          maxLength="255"
          minLength="1"
          name="logInId"
          onChange={[Function]}
          placeholder="Mobile Number or Email"
          required={true}
          type="text"
          value=""
        />
        <span
          className="nameSpan"
        >
          Mobile Number or Email
        </span>
      </div>
      <div
        className="inputField"
      >
        <input
          maxLength="255"
          minLength="1"
          name="fullName"
          onChange={[Function]}
          placeholder="Full Name"
          required={true}
          type="text"
          value=""
        />
        <span
          className="nameSpan"
        >
          Full Name
        </span>
      </div>
      <div
        className="inputField"
      >
        <input
          maxLength="255"
          minLength="1"
          name="userName"
          onChange={[Function]}
          placeholder="Username"
          required={true}
          type="text"
          value=""
        />
        <span
          className="nameSpan"
        >
          Username
        </span>
      </div>
      <div
        className="inputField"
      >
        <input
          maxLength="1024"
          minLength="1"
          name="password"
          onChange={[Function]}
          placeholder="Password"
          required={true}
          type="password"
          value=""
        />
        <span
          className="passwordSpan"
        >
          Password
        </span>
        <button
          onClick={[Function]}
          testId="passwordButton"
        >
          Show
        </button>
      </div>
      <div
        className="buttonContainer"
      >
        <button
          className="button"
          disabled={true}
          onClick={[Function]}
          testId="signupButton"
        >
          Sign up
        </button>
      </div>
      <p
        className="smallText"
      >
        By signing up, you agree to our 
        <b>
          Terms , Data Policy 
        </b>
        and
        <b>
          Cookies Policy .
        </b>
      </p>
    </div>
    <div
      className="switchAuthMethodBoxSignUp"
    >
      <p
        className="generalText"
      >
        Have an account?
        <a
          className="login"
          href="/login"
          onClick={[Function]}
        >
          Log in
        </a>
      </p>
    </div>
    <div
      className="appStoreContainerSignUp"
    >
      <p
        className="generalText"
      >
        Get the app.
      </p>
      <div
        className="appStoreImages"
      >
        <button
          className="googlePlay"
        />
        <button
          className="appStore"
        />
      </div>
    </div>
  </div>
  <div
    className="footerContainer"
  >
    <div
      className="footer"
    >
      <div
        className="footerFirstRow"
      >
        <a
          className="footerText"
          href={true}
        >
          About
        </a>
        <a
          className="footerText"
          href={true}
        >
          Blog
        </a>
        <a
          className="footerText"
          href={true}
        >
          Jobs
        </a>
        <a
          className="footerText"
          href={true}
        >
          Help
        </a>
        <a
          className="footerText"
          href={true}
        >
          API
        </a>
        <a
          className="footerText"
          href={true}
        >
          Privacy
        </a>
        <a
          className="footerText"
          href={true}
        >
          Terms
        </a>
        <a
          className="footerText"
          href={true}
        >
          Top Accounts
        </a>
        <a
          className="footerText"
          href={true}
        >
          Hashtags
        </a>
        <a
          className="footerText"
          href={true}
        >
          Locations
        </a>
        <a
          className="footerText"
          href={true}
        >
          Instagram Lite
        </a>
      </div>
      <div
        className="footerSecondRow"
      >
        <select
          className="footerDropdown"
        >
          <option>
            English
          </option>
        </select>
        <p
          className="smallText"
        >
          &copy 2021 Instagram from Facebook
        </p>
      </div>
    </div>
  </div>
</div>
`;
