// Jest Snapshot v1, https://goo.gl/fbAQLP

exports[`input and button scenarios should render the login page correctly 1`] = `
<div
  className="backgroundLayer"
>
  <div
    className="header"
  />
  <div
    className="gridContainer"
  >
    <div
      className="welcomeImage"
    >
      <div
        className="screenshot"
      />
    </div>
    <div
      className="loginBox"
    >
      <div
        className="logo"
      />
      <div
        className="inputField"
      >
        <input
          maxLength="255"
          minLength="1"
          name="logInId"
          onChange={[Function]}
          placeholder="Phone number, username, or email"
          required={true}
          type="text"
          value=""
        />
        <span
          className="nameSpan"
        >
          Phone number, username, or email
        </span>
      </div>
      <div
        className="inputField"
      >
        <input
          maxLength="1024"
          minLength="1"
          name="password"
          onChange={[Function]}
          placeholder="Password"
          required={true}
          type="password"
          value=""
        />
        <span
          className="passwordSpan"
        >
          Password
        </span>
        <button
          onClick={[Function]}
          testId="passwordButton"
        >
          Show
        </button>
      </div>
      <div
        className="buttonContainer"
      >
        <button
          className="button"
          disabled={true}
          onClick={[Function]}
          testId="loginButton"
        >
          Log In
        </button>
      </div>
      <div
        className="orComponent"
      >
        <div
          className="lineStrike"
        />
        <p
          className="orText"
        >
          OR
        </p>
        <div
          className="lineStrike"
        />
      </div>
      <button
        className="loginButton"
      >
        <div
          className="iconContainerLogin"
        >
          <div
            className="fbIconLogin"
          >
            <ion-icon
              name="logo-facebook"
            />
          </div>
        </div>
        Log in with Facebook
      </button>
      <button
        className="forgotPassword"
      >
        <a
          className="forgotPasswordText"
          href={true}
        >
          Forgot password?
        </a>
      </button>
    </div>
    <div
      className="switchAuthMethodBox"
    >
      <p
        className="generalText"
      >
        Don't have an account?
        <a
          className="signUp"
          href="/signup"
          onClick={[Function]}
        >
          Sign up
        </a>
      </p>
    </div>
    <div
      className="appStoreContainer"
    >
      <p
        className="generalText"
      >
        Get the app.
      </p>
      <div
        className="appStoreImages"
      >
        <button
          className="googlePlay"
        />
        <button
          className="appStore"
        />
      </div>
    </div>
  </div>
  <div
    className="footerContainer"
  >
    <div
      className="footer"
    >
      <div
        className="footerFirstRow"
      >
        <a
          className="footerText"
          href={true}
        >
          About
        </a>
        <a
          className="footerText"
          href={true}
        >
          Blog
        </a>
        <a
          className="footerText"
          href={true}
        >
          Jobs
        </a>
        <a
          className="footerText"
          href={true}
        >
          Help
        </a>
        <a
          className="footerText"
          href={true}
        >
          API
        </a>
        <a
          className="footerText"
          href={true}
        >
          Privacy
        </a>
        <a
          className="footerText"
          href={true}
        >
          Terms
        </a>
        <a
          className="footerText"
          href={true}
        >
          Top Accounts
        </a>
        <a
          className="footerText"
          href={true}
        >
          Hashtags
        </a>
        <a
          className="footerText"
          href={true}
        >
          Locations
        </a>
        <a
          className="footerText"
          href={true}
        >
          Instagram Lite
        </a>
      </div>
      <div
        className="footerSecondRow"
      >
        <select
          className="footerDropdown"
        >
          <option>
            English
          </option>
        </select>
        <p
          className="smallText"
        >
          &copy 2021 Instagram from Facebook
        </p>
      </div>
    </div>
  </div>
</div>
`;
